INFO    Rate of doing a badda-badda-bing = 2,003 /s (bigger is better), stdDev = 1
INFO    Rate of doing a foo bar = 1,030 /s (bigger is better), stdDev = 10
