TestSub1A  | A test
TestSub1B  | A test
TestSub2   | A test
Test       | A test
