Nested_test_01  | Nested testcase
Nested_test_02  | Nested testcase
Nested_test_03  | Nested testcase
Nested_test_04  | Nested testcase
